<html>
<body>
<pre>
<h1>µVision Build Log</h1>
<h2>Project:</h2>
C:\Users\Zee Livermorium\Desktop\Keil Projects\PN532_ISO14443A_Card_Detect_4C123\ISO14443A_Card_Detect.uvproj
Project File Date:  04/14/2018

<h2>Output:</h2>
Rebuild target 'ISO14443A_Card_Detect'
compiling ISO14443A_Card_Detect.c...
assembling startup.s...
compiling LED.c...
compiling PLL.c...
compiling PN532_TM4C123.c...
compiling UART.c...
linking...
Program Size: Code=3332 RO-data=40 RW-data=72 ZI-data=1280  
".\ISO14443A_Card_Detect.axf" - 0 Error(s), 0 Warning(s).
Load "C:\\Users\\Zee Livermorium\\Desktop\\Keil Projects\\PN532_ISO14443A_Card_Detect_4C123\\ISO14443A_Card_Detect.axf" 
Connecting: Mode=JTAG, Speed=1000000Hz
Erase Done.
Programming Done.
Verify OK.
</pre>
</body>
</html>
