ARM Linker, 5.03 [Build 76] [MDK-ARM Lite]

==============================================================================

Section Cross References

    iso14443a_card_detect.o(i.main) refers to pll.o(i.PLL_Init) for PLL_Init
    iso14443a_card_detect.o(i.main) refers to uart.o(i.UART_Init) for UART_Init
    iso14443a_card_detect.o(i.main) refers to pn532_tm4c123.o(i.PN532_SSI_Init) for PN532_SSI_Init
    iso14443a_card_detect.o(i.main) refers to led.o(i.LED_Init) for LED_Init
    iso14443a_card_detect.o(i.main) refers to pn532_tm4c123.o(i.PN532_getFirmwareVersion) for PN532_getFirmwareVersion
    iso14443a_card_detect.o(i.main) refers to uart.o(i.UART_OutString) for UART_OutString
    iso14443a_card_detect.o(i.main) refers to uart.o(i.OutCRLF) for OutCRLF
    iso14443a_card_detect.o(i.main) refers to uart.o(i.UART_OutUHex) for UART_OutUHex
    iso14443a_card_detect.o(i.main) refers to uart.o(i.UART_OutUDec) for UART_OutUDec
    iso14443a_card_detect.o(i.main) refers to pn532_tm4c123.o(i.setPassiveActivationRetries) for setPassiveActivationRetries
    iso14443a_card_detect.o(i.main) refers to pn532_tm4c123.o(i.SAMConfig) for SAMConfig
    iso14443a_card_detect.o(i.main) refers to pn532_tm4c123.o(i.readPassiveTargetID) for readPassiveTargetID
    iso14443a_card_detect.o(i.main) refers to pn532_tm4c123.o(i.delay) for delay
    iso14443a_card_detect.o(i.main) refers to iso14443a_card_detect.o(.data) for uidLength
    startup.o(RESET) refers to startup.o(STACK) for StackMem
    startup.o(RESET) refers to entry.o(.ARM.Collect$$$$00000000) for __main
    pn532_tm4c123.o(i.PN532_SSI_Init) refers to pn532_tm4c123.o(i.delay) for delay
    pn532_tm4c123.o(i.PN532_getFirmwareVersion) refers to pn532_tm4c123.o(i.writeCommand) for writeCommand
    pn532_tm4c123.o(i.PN532_getFirmwareVersion) refers to pn532_tm4c123.o(i.readResponse) for readResponse
    pn532_tm4c123.o(i.PN532_getFirmwareVersion) refers to pn532_tm4c123.o(.bss) for packet_buffer
    pn532_tm4c123.o(i.SAMConfig) refers to pn532_tm4c123.o(i.writeCommand) for writeCommand
    pn532_tm4c123.o(i.SAMConfig) refers to pn532_tm4c123.o(i.readResponse) for readResponse
    pn532_tm4c123.o(i.SAMConfig) refers to pn532_tm4c123.o(.bss) for packet_buffer
    pn532_tm4c123.o(i.SSI_read) refers to pn532_tm4c123.o(i.reverseBitOrder) for reverseBitOrder
    pn532_tm4c123.o(i.SSI_write) refers to pn532_tm4c123.o(i.reverseBitOrder) for reverseBitOrder
    pn532_tm4c123.o(i.isReadyForResponse) refers to pn532_tm4c123.o(i.SSI_write) for SSI_write
    pn532_tm4c123.o(i.isReadyForResponse) refers to pn532_tm4c123.o(i.SSI_read) for SSI_read
    pn532_tm4c123.o(i.isReadyForResponse) refers to pn532_tm4c123.o(i.delay) for delay
    pn532_tm4c123.o(i.readACK) refers to pn532_tm4c123.o(i.delay) for delay
    pn532_tm4c123.o(i.readACK) refers to pn532_tm4c123.o(i.SSI_write) for SSI_write
    pn532_tm4c123.o(i.readACK) refers to pn532_tm4c123.o(i.SSI_read) for SSI_read
    pn532_tm4c123.o(i.readACK) refers to memcmp.o(.text) for memcmp
    pn532_tm4c123.o(i.readACK) refers to pn532_tm4c123.o(.constdata) for ACK_frame
    pn532_tm4c123.o(i.readPassiveTargetID) refers to pn532_tm4c123.o(i.writeCommand) for writeCommand
    pn532_tm4c123.o(i.readPassiveTargetID) refers to pn532_tm4c123.o(i.readResponse) for readResponse
    pn532_tm4c123.o(i.readPassiveTargetID) refers to pn532_tm4c123.o(.bss) for packet_buffer
    pn532_tm4c123.o(i.readResponse) refers to pn532_tm4c123.o(i.waitToBeReadyForResponse) for waitToBeReadyForResponse
    pn532_tm4c123.o(i.readResponse) refers to pn532_tm4c123.o(i.delay) for delay
    pn532_tm4c123.o(i.readResponse) refers to pn532_tm4c123.o(i.SSI_write) for SSI_write
    pn532_tm4c123.o(i.readResponse) refers to pn532_tm4c123.o(i.SSI_read) for SSI_read
    pn532_tm4c123.o(i.readResponse) refers to pn532_tm4c123.o(.data) for command
    pn532_tm4c123.o(i.setPassiveActivationRetries) refers to pn532_tm4c123.o(i.writeCommand) for writeCommand
    pn532_tm4c123.o(i.setPassiveActivationRetries) refers to pn532_tm4c123.o(i.readResponse) for readResponse
    pn532_tm4c123.o(i.setPassiveActivationRetries) refers to pn532_tm4c123.o(.bss) for packet_buffer
    pn532_tm4c123.o(i.waitToBeReadyForResponse) refers to pn532_tm4c123.o(i.delay) for delay
    pn532_tm4c123.o(i.waitToBeReadyForResponse) refers to pn532_tm4c123.o(i.isReadyForResponse) for isReadyForResponse
    pn532_tm4c123.o(i.writeCommand) refers to pn532_tm4c123.o(i.writeFrame) for writeFrame
    pn532_tm4c123.o(i.writeCommand) refers to pn532_tm4c123.o(i.waitToBeReadyForResponse) for waitToBeReadyForResponse
    pn532_tm4c123.o(i.writeCommand) refers to pn532_tm4c123.o(i.readACK) for readACK
    pn532_tm4c123.o(i.writeCommand) refers to pn532_tm4c123.o(.data) for command
    pn532_tm4c123.o(i.writeFrame) refers to pn532_tm4c123.o(i.delay) for delay
    pn532_tm4c123.o(i.writeFrame) refers to pn532_tm4c123.o(i.SSI_write) for SSI_write
    uart.o(i.OutCRLF) refers to uart.o(i.UART_OutChar) for UART_OutChar
    uart.o(i.UART_InString) refers to uart.o(i.UART_InChar) for UART_InChar
    uart.o(i.UART_InString) refers to uart.o(i.UART_OutChar) for UART_OutChar
    uart.o(i.UART_InUDec) refers to uart.o(i.UART_InChar) for UART_InChar
    uart.o(i.UART_InUDec) refers to uart.o(i.UART_OutChar) for UART_OutChar
    uart.o(i.UART_InUHex) refers to uart.o(i.UART_InChar) for UART_InChar
    uart.o(i.UART_InUHex) refers to uart.o(i.UART_OutChar) for UART_OutChar
    uart.o(i.UART_OutString) refers to uart.o(i.UART_OutChar) for UART_OutChar
    uart.o(i.UART_OutUDec) refers to uart.o(i.UART_OutChar) for UART_OutChar
    uart.o(i.UART_OutUHex) refers to uart.o(i.UART_OutChar) for UART_OutChar
    entry.o(.ARM.Collect$$$$00000000) refers (Special) to entry10a.o(.ARM.Collect$$$$0000000D) for __rt_final_cpp
    entry.o(.ARM.Collect$$$$00000000) refers (Special) to entry11a.o(.ARM.Collect$$$$0000000F) for __rt_final_exit
    entry.o(.ARM.Collect$$$$00000000) refers (Special) to entry7b.o(.ARM.Collect$$$$00000008) for _main_clock
    entry.o(.ARM.Collect$$$$00000000) refers (Special) to entry8b.o(.ARM.Collect$$$$0000000A) for _main_cpp_init
    entry.o(.ARM.Collect$$$$00000000) refers (Special) to entry9a.o(.ARM.Collect$$$$0000000B) for _main_init
    entry.o(.ARM.Collect$$$$00000000) refers (Special) to entry5.o(.ARM.Collect$$$$00000004) for _main_scatterload
    entry.o(.ARM.Collect$$$$00000000) refers (Special) to entry2.o(.ARM.Collect$$$$00000001) for _main_stk
    entry2.o(.ARM.Collect$$$$00000001) refers to entry2.o(.ARM.Collect$$$$00002712) for __lit__00000000
    entry2.o(.ARM.Collect$$$$00002712) refers to startup.o(STACK) for __initial_sp
    entry2.o(__vectab_stack_and_reset_area) refers to startup.o(STACK) for __initial_sp
    entry2.o(__vectab_stack_and_reset_area) refers to entry.o(.ARM.Collect$$$$00000000) for __main
    entry5.o(.ARM.Collect$$$$00000004) refers to init.o(.text) for __scatterload
    entry9a.o(.ARM.Collect$$$$0000000B) refers to iso14443a_card_detect.o(i.main) for main
    entry9b.o(.ARM.Collect$$$$0000000C) refers to iso14443a_card_detect.o(i.main) for main
    init.o(.text) refers to entry5.o(.ARM.Collect$$$$00000004) for __main_after_scatterload


==============================================================================

Removing Unused input sections from the image.

    Removing iso14443a_card_detect.o(.bss), (255 bytes).
    Removing iso14443a_card_detect.o(.constdata), (6 bytes).
    Removing startup.o(HEAP), (0 bytes).
    Removing startup.o(.text), (28 bytes).
    Removing led.o(i.LED_BLUE_OFF), (24 bytes).
    Removing led.o(i.LED_BLUE_ON), (24 bytes).
    Removing led.o(i.LED_GREEN_OFF), (24 bytes).
    Removing led.o(i.LED_GREEN_ON), (24 bytes).
    Removing led.o(i.LED_RED_OFF), (24 bytes).
    Removing led.o(i.LED_RED_ON), (24 bytes).
    Removing pn532_tm4c123.o(i.mifareclassic_isFirstBlock), (34 bytes).
    Removing pn532_tm4c123.o(i.mifareclassic_isTrailerBlock), (38 bytes).
    Removing uart.o(i.UART_InChar), (24 bytes).
    Removing uart.o(i.UART_InString), (66 bytes).
    Removing uart.o(i.UART_InUDec), (76 bytes).
    Removing uart.o(i.UART_InUHex), (104 bytes).

16 unused section(s) (total 775 bytes) removed from the image.

==============================================================================

Image Symbol Table

    Local Symbols

    Symbol Name                              Value     Ov Type        Size  Object(Section)

    RESET                                    0x00000000   Section      644  startup.o(RESET)
    ../clib/microlib/init/entry.s            0x00000000   Number         0  entry.o ABSOLUTE
    ../clib/microlib/init/entry.s            0x00000000   Number         0  entry8a.o ABSOLUTE
    ../clib/microlib/init/entry.s            0x00000000   Number         0  entry8b.o ABSOLUTE
    ../clib/microlib/init/entry.s            0x00000000   Number         0  entry11b.o ABSOLUTE
    ../clib/microlib/init/entry.s            0x00000000   Number         0  entry10a.o ABSOLUTE
    ../clib/microlib/init/entry.s            0x00000000   Number         0  entry9a.o ABSOLUTE
    ../clib/microlib/init/entry.s            0x00000000   Number         0  entry9b.o ABSOLUTE
    ../clib/microlib/init/entry.s            0x00000000   Number         0  entry10b.o ABSOLUTE
    ../clib/microlib/init/entry.s            0x00000000   Number         0  entry11a.o ABSOLUTE
    ../clib/microlib/init/entry.s            0x00000000   Number         0  entry7b.o ABSOLUTE
    ../clib/microlib/init/entry.s            0x00000000   Number         0  entry7a.o ABSOLUTE
    ../clib/microlib/init/entry.s            0x00000000   Number         0  entry5.o ABSOLUTE
    ../clib/microlib/init/entry.s            0x00000000   Number         0  entry2.o ABSOLUTE
    ../clib/microlib/string/memcmp.c         0x00000000   Number         0  memcmp.o ABSOLUTE
    ISO14443A_Card_Detect.c                  0x00000000   Number         0  iso14443a_card_detect.o ABSOLUTE
    LED.c                                    0x00000000   Number         0  led.o ABSOLUTE
    PLL.c                                    0x00000000   Number         0  pll.o ABSOLUTE
    PN532_TM4C123.c                          0x00000000   Number         0  pn532_tm4c123.o ABSOLUTE
    UART.c                                   0x00000000   Number         0  uart.o ABSOLUTE
    dc.s                                     0x00000000   Number         0  dc.o ABSOLUTE
    handlers.s                               0x00000000   Number         0  handlers.o ABSOLUTE
    init.s                                   0x00000000   Number         0  init.o ABSOLUTE
    startup.s                                0x00000000   Number         0  startup.o ABSOLUTE
    $v0                                      0x0000026c   Number         0  startup.o(RESET)
    .ARM.Collect$$$$00000000                 0x00000284   Section        0  entry.o(.ARM.Collect$$$$00000000)
    .ARM.Collect$$$$00000001                 0x00000284   Section        4  entry2.o(.ARM.Collect$$$$00000001)
    .ARM.Collect$$$$00000004                 0x00000288   Section        4  entry5.o(.ARM.Collect$$$$00000004)
    .ARM.Collect$$$$00000008                 0x0000028c   Section        0  entry7b.o(.ARM.Collect$$$$00000008)
    .ARM.Collect$$$$0000000A                 0x0000028c   Section        0  entry8b.o(.ARM.Collect$$$$0000000A)
    .ARM.Collect$$$$0000000B                 0x0000028c   Section        8  entry9a.o(.ARM.Collect$$$$0000000B)
    .ARM.Collect$$$$0000000D                 0x00000294   Section        0  entry10a.o(.ARM.Collect$$$$0000000D)
    .ARM.Collect$$$$0000000F                 0x00000294   Section        0  entry11a.o(.ARM.Collect$$$$0000000F)
    .ARM.Collect$$$$00002712                 0x00000294   Section        4  entry2.o(.ARM.Collect$$$$00002712)
    __lit__00000000                          0x00000294   Data           4  entry2.o(.ARM.Collect$$$$00002712)
    .text                                    0x00000298   Section        0  memcmp.o(.text)
    .text                                    0x000002b4   Section       36  init.o(.text)
    i.LED_Init                               0x000002d8   Section        0  led.o(i.LED_Init)
    i.OutCRLF                                0x00000344   Section        0  uart.o(i.OutCRLF)
    i.PLL_Init                               0x00000354   Section        0  pll.o(i.PLL_Init)
    i.PN532_SSI_Init                         0x000003d0   Section        0  pn532_tm4c123.o(i.PN532_SSI_Init)
    i.PN532_getFirmwareVersion               0x00000540   Section        0  pn532_tm4c123.o(i.PN532_getFirmwareVersion)
    i.SAMConfig                              0x00000588   Section        0  pn532_tm4c123.o(i.SAMConfig)
    i.SSI_read                               0x000005bc   Section        0  pn532_tm4c123.o(i.SSI_read)
    SSI_read                                 0x000005bd   Thumb Code    48  pn532_tm4c123.o(i.SSI_read)
    i.SSI_write                              0x000005f0   Section        0  pn532_tm4c123.o(i.SSI_write)
    SSI_write                                0x000005f1   Thumb Code    48  pn532_tm4c123.o(i.SSI_write)
    i.UART_Init                              0x00000624   Section        0  uart.o(i.UART_Init)
    i.UART_OutChar                           0x000006c0   Section        0  uart.o(i.UART_OutChar)
    i.UART_OutString                         0x000006d8   Section        0  uart.o(i.UART_OutString)
    i.UART_OutUDec                           0x000006f0   Section        0  uart.o(i.UART_OutUDec)
    i.UART_OutUHex                           0x0000071a   Section        0  uart.o(i.UART_OutUHex)
    i.__scatterload_copy                     0x0000074e   Section       14  handlers.o(i.__scatterload_copy)
    i.__scatterload_null                     0x0000075c   Section        2  handlers.o(i.__scatterload_null)
    i.__scatterload_zeroinit                 0x0000075e   Section       14  handlers.o(i.__scatterload_zeroinit)
    i.delay                                  0x0000076c   Section        0  pn532_tm4c123.o(i.delay)
    i.isReadyForResponse                     0x00000784   Section        0  pn532_tm4c123.o(i.isReadyForResponse)
    isReadyForResponse                       0x00000785   Thumb Code    70  pn532_tm4c123.o(i.isReadyForResponse)
    i.main                                   0x000007d0   Section        0  iso14443a_card_detect.o(i.main)
    i.readACK                                0x00000978   Section        0  pn532_tm4c123.o(i.readACK)
    readACK                                  0x00000979   Thumb Code    88  pn532_tm4c123.o(i.readACK)
    i.readPassiveTargetID                    0x000009d8   Section        0  pn532_tm4c123.o(i.readPassiveTargetID)
    i.readResponse                           0x00000a3c   Section        0  pn532_tm4c123.o(i.readResponse)
    readResponse                             0x00000a3d   Thumb Code   344  pn532_tm4c123.o(i.readResponse)
    i.reverseBitOrder                        0x00000b9c   Section        0  pn532_tm4c123.o(i.reverseBitOrder)
    reverseBitOrder                          0x00000b9d   Thumb Code    60  pn532_tm4c123.o(i.reverseBitOrder)
    i.setPassiveActivationRetries            0x00000bd8   Section        0  pn532_tm4c123.o(i.setPassiveActivationRetries)
    i.waitToBeReadyForResponse               0x00000c10   Section        0  pn532_tm4c123.o(i.waitToBeReadyForResponse)
    waitToBeReadyForResponse                 0x00000c11   Thumb Code    34  pn532_tm4c123.o(i.waitToBeReadyForResponse)
    i.writeCommand                           0x00000c34   Section        0  pn532_tm4c123.o(i.writeCommand)
    writeCommand                             0x00000c35   Thumb Code    46  pn532_tm4c123.o(i.writeCommand)
    i.writeFrame                             0x00000c68   Section        0  pn532_tm4c123.o(i.writeFrame)
    writeFrame                               0x00000c69   Thumb Code   152  pn532_tm4c123.o(i.writeFrame)
    .constdata                               0x00000d04   Section        6  pn532_tm4c123.o(.constdata)
    ACK_frame                                0x00000d04   Data           6  pn532_tm4c123.o(.constdata)
    .data                                    0x20000000   Section       40  iso14443a_card_detect.o(.data)
    command                                  0x20000007   Data           1  iso14443a_card_detect.o(.data)
    _uid                                     0x20000008   Data           7  iso14443a_card_detect.o(.data)
    _uidLen                                  0x2000000f   Data           1  iso14443a_card_detect.o(.data)
    _key                                     0x20000010   Data           6  iso14443a_card_detect.o(.data)
    inListedTag                              0x20000016   Data           1  iso14443a_card_detect.o(.data)
    _felicaIDm                               0x20000017   Data           8  iso14443a_card_detect.o(.data)
    _felicaPMm                               0x2000001f   Data           8  iso14443a_card_detect.o(.data)
    .data                                    0x20000028   Section       32  pn532_tm4c123.o(.data)
    command                                  0x20000028   Data           1  pn532_tm4c123.o(.data)
    _uid                                     0x20000029   Data           7  pn532_tm4c123.o(.data)
    _uidLen                                  0x20000030   Data           1  pn532_tm4c123.o(.data)
    _key                                     0x20000031   Data           6  pn532_tm4c123.o(.data)
    inListedTag                              0x20000037   Data           1  pn532_tm4c123.o(.data)
    _felicaIDm                               0x20000038   Data           8  pn532_tm4c123.o(.data)
    _felicaPMm                               0x20000040   Data           8  pn532_tm4c123.o(.data)
    .bss                                     0x20000048   Section      255  pn532_tm4c123.o(.bss)
    packet_buffer                            0x20000048   Data         255  pn532_tm4c123.o(.bss)
    STACK                                    0x20000148   Section     1024  startup.o(STACK)
    StackMem                                 0x20000148   Data           0  startup.o(STACK)

    Global Symbols

    Symbol Name                              Value     Ov Type        Size  Object(Section)

    BuildAttributes$$THM_ISAv4$E$P$D$K$B$S$7EM$VFPi3$EXTD16$VFPS$VFMA$PE$A:L22UL41UL21$X:L11$S22US41US21$IEEE1$IW$USESV6$~STKCKD$USESV7$~SHL$OSPACE$EBA8$MICROLIB$REQ8$PRES8$EABIv2 0x00000000   Number         0  anon$$obj.o ABSOLUTE
    __ARM_use_no_argv                        0x00000000   Number         0  iso14443a_card_detect.o ABSOLUTE
    __Vectors                                0x00000000   Data           0  startup.o(RESET)
    __cpp_initialize__aeabi_                  - Undefined Weak Reference
    __cxa_finalize                            - Undefined Weak Reference
    __decompress                              - Undefined Weak Reference
    _clock_init                               - Undefined Weak Reference
    _microlib_exit                            - Undefined Weak Reference
    Reset_Handler                            0x0000026d   Thumb Code     0  startup.o(RESET)
    NMI_Handler                              0x00000271   Thumb Code     2  startup.o(RESET)
    HardFault_Handler                        0x00000273   Thumb Code     2  startup.o(RESET)
    MemManage_Handler                        0x00000275   Thumb Code     2  startup.o(RESET)
    BusFault_Handler                         0x00000277   Thumb Code     2  startup.o(RESET)
    UsageFault_Handler                       0x00000279   Thumb Code     2  startup.o(RESET)
    SVC_Handler                              0x0000027b   Thumb Code     2  startup.o(RESET)
    DebugMon_Handler                         0x0000027d   Thumb Code     2  startup.o(RESET)
    PendSV_Handler                           0x0000027f   Thumb Code     2  startup.o(RESET)
    SysTick_Handler                          0x00000281   Thumb Code     2  startup.o(RESET)
    ADC0Seq0_Handler                         0x00000283   Thumb Code     0  startup.o(RESET)
    ADC0Seq1_Handler                         0x00000283   Thumb Code     0  startup.o(RESET)
    ADC0Seq2_Handler                         0x00000283   Thumb Code     0  startup.o(RESET)
    ADC0Seq3_Handler                         0x00000283   Thumb Code     0  startup.o(RESET)
    ADC1Seq0_Handler                         0x00000283   Thumb Code     0  startup.o(RESET)
    ADC1Seq1_Handler                         0x00000283   Thumb Code     0  startup.o(RESET)
    ADC1Seq2_Handler                         0x00000283   Thumb Code     0  startup.o(RESET)
    ADC1Seq3_Handler                         0x00000283   Thumb Code     0  startup.o(RESET)
    CAN0_Handler                             0x00000283   Thumb Code     0  startup.o(RESET)
    CAN1_Handler                             0x00000283   Thumb Code     0  startup.o(RESET)
    CAN2_Handler                             0x00000283   Thumb Code     0  startup.o(RESET)
    Comp0_Handler                            0x00000283   Thumb Code     0  startup.o(RESET)
    Comp1_Handler                            0x00000283   Thumb Code     0  startup.o(RESET)
    Comp2_Handler                            0x00000283   Thumb Code     0  startup.o(RESET)
    Ethernet_Handler                         0x00000283   Thumb Code     0  startup.o(RESET)
    ExtBus_Handler                           0x00000283   Thumb Code     0  startup.o(RESET)
    FPU_Handler                              0x00000283   Thumb Code     0  startup.o(RESET)
    Fan0_Handler                             0x00000283   Thumb Code     0  startup.o(RESET)
    FlashCtl_Handler                         0x00000283   Thumb Code     0  startup.o(RESET)
    GPIOPortA_Handler                        0x00000283   Thumb Code     0  startup.o(RESET)
    GPIOPortB_Handler                        0x00000283   Thumb Code     0  startup.o(RESET)
    GPIOPortC_Handler                        0x00000283   Thumb Code     0  startup.o(RESET)
    GPIOPortD_Handler                        0x00000283   Thumb Code     0  startup.o(RESET)
    GPIOPortE_Handler                        0x00000283   Thumb Code     0  startup.o(RESET)
    GPIOPortF_Handler                        0x00000283   Thumb Code     0  startup.o(RESET)
    GPIOPortG_Handler                        0x00000283   Thumb Code     0  startup.o(RESET)
    GPIOPortH_Handler                        0x00000283   Thumb Code     0  startup.o(RESET)
    GPIOPortJ_Handler                        0x00000283   Thumb Code     0  startup.o(RESET)
    GPIOPortK_Handler                        0x00000283   Thumb Code     0  startup.o(RESET)
    GPIOPortL_Handler                        0x00000283   Thumb Code     0  startup.o(RESET)
    GPIOPortM_Handler                        0x00000283   Thumb Code     0  startup.o(RESET)
    GPIOPortN_Handler                        0x00000283   Thumb Code     0  startup.o(RESET)
    GPIOPortP1_Handler                       0x00000283   Thumb Code     0  startup.o(RESET)
    GPIOPortP2_Handler                       0x00000283   Thumb Code     0  startup.o(RESET)
    GPIOPortP3_Handler                       0x00000283   Thumb Code     0  startup.o(RESET)
    GPIOPortP4_Handler                       0x00000283   Thumb Code     0  startup.o(RESET)
    GPIOPortP5_Handler                       0x00000283   Thumb Code     0  startup.o(RESET)
    GPIOPortP6_Handler                       0x00000283   Thumb Code     0  startup.o(RESET)
    GPIOPortP7_Handler                       0x00000283   Thumb Code     0  startup.o(RESET)
    GPIOPortP_Handler                        0x00000283   Thumb Code     0  startup.o(RESET)
    GPIOPortQ1_Handler                       0x00000283   Thumb Code     0  startup.o(RESET)
    GPIOPortQ2_Handler                       0x00000283   Thumb Code     0  startup.o(RESET)
    GPIOPortQ3_Handler                       0x00000283   Thumb Code     0  startup.o(RESET)
    GPIOPortQ4_Handler                       0x00000283   Thumb Code     0  startup.o(RESET)
    GPIOPortQ5_Handler                       0x00000283   Thumb Code     0  startup.o(RESET)
    GPIOPortQ6_Handler                       0x00000283   Thumb Code     0  startup.o(RESET)
    GPIOPortQ7_Handler                       0x00000283   Thumb Code     0  startup.o(RESET)
    GPIOPortQ_Handler                        0x00000283   Thumb Code     0  startup.o(RESET)
    GPIOPortR_Handler                        0x00000283   Thumb Code     0  startup.o(RESET)
    GPIOPortS_Handler                        0x00000283   Thumb Code     0  startup.o(RESET)
    Hibernate_Handler                        0x00000283   Thumb Code     0  startup.o(RESET)
    I2C0_Handler                             0x00000283   Thumb Code     0  startup.o(RESET)
    I2C1_Handler                             0x00000283   Thumb Code     0  startup.o(RESET)
    I2C2_Handler                             0x00000283   Thumb Code     0  startup.o(RESET)
    I2C3_Handler                             0x00000283   Thumb Code     0  startup.o(RESET)
    I2C4_Handler                             0x00000283   Thumb Code     0  startup.o(RESET)
    I2C5_Handler                             0x00000283   Thumb Code     0  startup.o(RESET)
    I2S0_Handler                             0x00000283   Thumb Code     0  startup.o(RESET)
    LPC0_Handler                             0x00000283   Thumb Code     0  startup.o(RESET)
    PECI0_Handler                            0x00000283   Thumb Code     0  startup.o(RESET)
    PWM0Fault_Handler                        0x00000283   Thumb Code     0  startup.o(RESET)
    PWM0Generator0_Handler                   0x00000283   Thumb Code     0  startup.o(RESET)
    PWM0Generator1_Handler                   0x00000283   Thumb Code     0  startup.o(RESET)
    PWM0Generator2_Handler                   0x00000283   Thumb Code     0  startup.o(RESET)
    PWM0Generator3_Handler                   0x00000283   Thumb Code     0  startup.o(RESET)
    PWM1Fault_Handler                        0x00000283   Thumb Code     0  startup.o(RESET)
    PWM1Generator0_Handler                   0x00000283   Thumb Code     0  startup.o(RESET)
    PWM1Generator1_Handler                   0x00000283   Thumb Code     0  startup.o(RESET)
    PWM1Generator2_Handler                   0x00000283   Thumb Code     0  startup.o(RESET)
    PWM1Generator3_Handler                   0x00000283   Thumb Code     0  startup.o(RESET)
    Quadrature0_Handler                      0x00000283   Thumb Code     0  startup.o(RESET)
    Quadrature1_Handler                      0x00000283   Thumb Code     0  startup.o(RESET)
    Quadrature2_Handler                      0x00000283   Thumb Code     0  startup.o(RESET)
    SSI0_Handler                             0x00000283   Thumb Code     0  startup.o(RESET)
    SSI1_Handler                             0x00000283   Thumb Code     0  startup.o(RESET)
    SSI2_Handler                             0x00000283   Thumb Code     0  startup.o(RESET)
    SSI3_Handler                             0x00000283   Thumb Code     0  startup.o(RESET)
    SysCtl_Handler                           0x00000283   Thumb Code     0  startup.o(RESET)
    Timer0A_Handler                          0x00000283   Thumb Code     0  startup.o(RESET)
    Timer0B_Handler                          0x00000283   Thumb Code     0  startup.o(RESET)
    Timer1A_Handler                          0x00000283   Thumb Code     0  startup.o(RESET)
    Timer1B_Handler                          0x00000283   Thumb Code     0  startup.o(RESET)
    Timer2A_Handler                          0x00000283   Thumb Code     0  startup.o(RESET)
    Timer2B_Handler                          0x00000283   Thumb Code     0  startup.o(RESET)
    Timer3A_Handler                          0x00000283   Thumb Code     0  startup.o(RESET)
    Timer3B_Handler                          0x00000283   Thumb Code     0  startup.o(RESET)
    Timer4A_Handler                          0x00000283   Thumb Code     0  startup.o(RESET)
    Timer4B_Handler                          0x00000283   Thumb Code     0  startup.o(RESET)
    Timer5A_Handler                          0x00000283   Thumb Code     0  startup.o(RESET)
    Timer5B_Handler                          0x00000283   Thumb Code     0  startup.o(RESET)
    UART0_Handler                            0x00000283   Thumb Code     0  startup.o(RESET)
    UART1_Handler                            0x00000283   Thumb Code     0  startup.o(RESET)
    UART2_Handler                            0x00000283   Thumb Code     0  startup.o(RESET)
    UART3_Handler                            0x00000283   Thumb Code     0  startup.o(RESET)
    UART4_Handler                            0x00000283   Thumb Code     0  startup.o(RESET)
    UART5_Handler                            0x00000283   Thumb Code     0  startup.o(RESET)
    UART6_Handler                            0x00000283   Thumb Code     0  startup.o(RESET)
    UART7_Handler                            0x00000283   Thumb Code     0  startup.o(RESET)
    USB0_Handler                             0x00000283   Thumb Code     0  startup.o(RESET)
    WDT_Handler                              0x00000283   Thumb Code     0  startup.o(RESET)
    WideTimer0A_Handler                      0x00000283   Thumb Code     0  startup.o(RESET)
    WideTimer0B_Handler                      0x00000283   Thumb Code     0  startup.o(RESET)
    WideTimer1A_Handler                      0x00000283   Thumb Code     0  startup.o(RESET)
    WideTimer1B_Handler                      0x00000283   Thumb Code     0  startup.o(RESET)
    WideTimer2A_Handler                      0x00000283   Thumb Code     0  startup.o(RESET)
    WideTimer2B_Handler                      0x00000283   Thumb Code     0  startup.o(RESET)
    WideTimer3A_Handler                      0x00000283   Thumb Code     0  startup.o(RESET)
    WideTimer3B_Handler                      0x00000283   Thumb Code     0  startup.o(RESET)
    WideTimer4A_Handler                      0x00000283   Thumb Code     0  startup.o(RESET)
    WideTimer4B_Handler                      0x00000283   Thumb Code     0  startup.o(RESET)
    WideTimer5A_Handler                      0x00000283   Thumb Code     0  startup.o(RESET)
    WideTimer5B_Handler                      0x00000283   Thumb Code     0  startup.o(RESET)
    uDMA_Error                               0x00000283   Thumb Code     0  startup.o(RESET)
    uDMA_Handler                             0x00000283   Thumb Code     0  startup.o(RESET)
    __main                                   0x00000285   Thumb Code     0  entry.o(.ARM.Collect$$$$00000000)
    _main_stk                                0x00000285   Thumb Code     0  entry2.o(.ARM.Collect$$$$00000001)
    _main_scatterload                        0x00000289   Thumb Code     0  entry5.o(.ARM.Collect$$$$00000004)
    __main_after_scatterload                 0x0000028d   Thumb Code     0  entry5.o(.ARM.Collect$$$$00000004)
    _main_clock                              0x0000028d   Thumb Code     0  entry7b.o(.ARM.Collect$$$$00000008)
    _main_cpp_init                           0x0000028d   Thumb Code     0  entry8b.o(.ARM.Collect$$$$0000000A)
    _main_init                               0x0000028d   Thumb Code     0  entry9a.o(.ARM.Collect$$$$0000000B)
    __rt_final_cpp                           0x00000295   Thumb Code     0  entry10a.o(.ARM.Collect$$$$0000000D)
    __rt_final_exit                          0x00000295   Thumb Code     0  entry11a.o(.ARM.Collect$$$$0000000F)
    memcmp                                   0x00000299   Thumb Code    26  memcmp.o(.text)
    __scatterload                            0x000002b5   Thumb Code    28  init.o(.text)
    __scatterload_rt2                        0x000002b5   Thumb Code     0  init.o(.text)
    LED_Init                                 0x000002d9   Thumb Code    92  led.o(i.LED_Init)
    OutCRLF                                  0x00000345   Thumb Code    16  uart.o(i.OutCRLF)
    PLL_Init                                 0x00000355   Thumb Code   118  pll.o(i.PLL_Init)
    PN532_SSI_Init                           0x000003d1   Thumb Code   332  pn532_tm4c123.o(i.PN532_SSI_Init)
    PN532_getFirmwareVersion                 0x00000541   Thumb Code    68  pn532_tm4c123.o(i.PN532_getFirmwareVersion)
    SAMConfig                                0x00000589   Thumb Code    48  pn532_tm4c123.o(i.SAMConfig)
    UART_Init                                0x00000625   Thumb Code   134  uart.o(i.UART_Init)
    UART_OutChar                             0x000006c1   Thumb Code    18  uart.o(i.UART_OutChar)
    UART_OutString                           0x000006d9   Thumb Code    24  uart.o(i.UART_OutString)
    UART_OutUDec                             0x000006f1   Thumb Code    42  uart.o(i.UART_OutUDec)
    UART_OutUHex                             0x0000071b   Thumb Code    52  uart.o(i.UART_OutUHex)
    __scatterload_copy                       0x0000074f   Thumb Code    14  handlers.o(i.__scatterload_copy)
    __scatterload_null                       0x0000075d   Thumb Code     2  handlers.o(i.__scatterload_null)
    __scatterload_zeroinit                   0x0000075f   Thumb Code    14  handlers.o(i.__scatterload_zeroinit)
    delay                                    0x0000076d   Thumb Code    24  pn532_tm4c123.o(i.delay)
    main                                     0x000007d1   Thumb Code   226  iso14443a_card_detect.o(i.main)
    readPassiveTargetID                      0x000009d9   Thumb Code    96  pn532_tm4c123.o(i.readPassiveTargetID)
    setPassiveActivationRetries              0x00000bd9   Thumb Code    52  pn532_tm4c123.o(i.setPassiveActivationRetries)
    Region$$Table$$Base                      0x00000d0c   Number         0  anon$$obj.o(Region$$Table)
    Region$$Table$$Limit                     0x00000d2c   Number         0  anon$$obj.o(Region$$Table)
    uid                                      0x20000000   Data           7  iso14443a_card_detect.o(.data)
    uidLength                                0x20000027   Data           1  iso14443a_card_detect.o(.data)
    __initial_sp                             0x20000548   Data           0  startup.o(STACK)



==============================================================================

Memory Map of the image

  Image Entry point : 0x0000026d

  Load Region LR_1 (Base: 0x00000000, Size: 0x00000d74, Max: 0xffffffff, ABSOLUTE)

    Execution Region ER_RO (Base: 0x00000000, Size: 0x00000d2c, Max: 0xffffffff, ABSOLUTE)

    Base Addr    Size         Type   Attr      Idx    E Section Name        Object

    0x00000000   0x00000284   Code   RO           40  * RESET               startup.o
    0x00000284   0x00000000   Code   RO          280  * .ARM.Collect$$$$00000000  mc_w.l(entry.o)
    0x00000284   0x00000004   Code   RO          285    .ARM.Collect$$$$00000001  mc_w.l(entry2.o)
    0x00000288   0x00000004   Code   RO          288    .ARM.Collect$$$$00000004  mc_w.l(entry5.o)
    0x0000028c   0x00000000   Code   RO          290    .ARM.Collect$$$$00000008  mc_w.l(entry7b.o)
    0x0000028c   0x00000000   Code   RO          292    .ARM.Collect$$$$0000000A  mc_w.l(entry8b.o)
    0x0000028c   0x00000008   Code   RO          293    .ARM.Collect$$$$0000000B  mc_w.l(entry9a.o)
    0x00000294   0x00000000   Code   RO          295    .ARM.Collect$$$$0000000D  mc_w.l(entry10a.o)
    0x00000294   0x00000000   Code   RO          297    .ARM.Collect$$$$0000000F  mc_w.l(entry11a.o)
    0x00000294   0x00000004   Code   RO          286    .ARM.Collect$$$$00002712  mc_w.l(entry2.o)
    0x00000298   0x0000001a   Code   RO          283    .text               mc_w.l(memcmp.o)
    0x000002b2   0x00000002   PAD
    0x000002b4   0x00000024   Code   RO          299    .text               mc_w.l(init.o)
    0x000002d8   0x0000006c   Code   RO           52    i.LED_Init          led.o
    0x00000344   0x00000010   Code   RO          214    i.OutCRLF           uart.o
    0x00000354   0x0000007c   Code   RO           96    i.PLL_Init          pll.o
    0x000003d0   0x00000170   Code   RO          108    i.PN532_SSI_Init    pn532_tm4c123.o
    0x00000540   0x00000048   Code   RO          109    i.PN532_getFirmwareVersion  pn532_tm4c123.o
    0x00000588   0x00000034   Code   RO          110    i.SAMConfig         pn532_tm4c123.o
    0x000005bc   0x00000034   Code   RO          111    i.SSI_read          pn532_tm4c123.o
    0x000005f0   0x00000034   Code   RO          112    i.SSI_write         pn532_tm4c123.o
    0x00000624   0x0000009c   Code   RO          219    i.UART_Init         uart.o
    0x000006c0   0x00000018   Code   RO          220    i.UART_OutChar      uart.o
    0x000006d8   0x00000018   Code   RO          221    i.UART_OutString    uart.o
    0x000006f0   0x0000002a   Code   RO          222    i.UART_OutUDec      uart.o
    0x0000071a   0x00000034   Code   RO          223    i.UART_OutUHex      uart.o
    0x0000074e   0x0000000e   Code   RO          303    i.__scatterload_copy  mc_w.l(handlers.o)
    0x0000075c   0x00000002   Code   RO          304    i.__scatterload_null  mc_w.l(handlers.o)
    0x0000075e   0x0000000e   Code   RO          305    i.__scatterload_zeroinit  mc_w.l(handlers.o)
    0x0000076c   0x00000018   Code   RO          113    i.delay             pn532_tm4c123.o
    0x00000784   0x0000004c   Code   RO          114    i.isReadyForResponse  pn532_tm4c123.o
    0x000007d0   0x000001a8   Code   RO            1    i.main              iso14443a_card_detect.o
    0x00000978   0x00000060   Code   RO          117    i.readACK           pn532_tm4c123.o
    0x000009d8   0x00000064   Code   RO          118    i.readPassiveTargetID  pn532_tm4c123.o
    0x00000a3c   0x00000160   Code   RO          119    i.readResponse      pn532_tm4c123.o
    0x00000b9c   0x0000003c   Code   RO          120    i.reverseBitOrder   pn532_tm4c123.o
    0x00000bd8   0x00000038   Code   RO          121    i.setPassiveActivationRetries  pn532_tm4c123.o
    0x00000c10   0x00000022   Code   RO          122    i.waitToBeReadyForResponse  pn532_tm4c123.o
    0x00000c32   0x00000002   PAD
    0x00000c34   0x00000034   Code   RO          123    i.writeCommand      pn532_tm4c123.o
    0x00000c68   0x0000009c   Code   RO          124    i.writeFrame        pn532_tm4c123.o
    0x00000d04   0x00000006   Data   RO          126    .constdata          pn532_tm4c123.o
    0x00000d0a   0x00000002   PAD
    0x00000d0c   0x00000020   Data   RO          301    Region$$Table       anon$$obj.o


    Execution Region ER_RW (Base: 0x20000000, Size: 0x00000048, Max: 0xffffffff, ABSOLUTE)

    Base Addr    Size         Type   Attr      Idx    E Section Name        Object

    0x20000000   0x00000028   Data   RW            4    .data               iso14443a_card_detect.o
    0x20000028   0x00000020   Data   RW          127    .data               pn532_tm4c123.o


    Execution Region ER_ZI (Base: 0x20000048, Size: 0x00000500, Max: 0xffffffff, ABSOLUTE)

    Base Addr    Size         Type   Attr      Idx    E Section Name        Object

    0x20000048   0x000000ff   Zero   RW          125    .bss                pn532_tm4c123.o
    0x20000147   0x00000001   PAD
    0x20000148   0x00000400   Zero   RW           38    STACK               startup.o


==============================================================================

Image component sizes


      Code (inc. data)   RO Data    RW Data    ZI Data      Debug   Object Name

       424        198          0         40          0       9923   iso14443a_card_detect.o
       108         16          0          0          0        443   led.o
       124          6          0          0          0        491   pll.o
      1602         92          6         32        255       9900   pn532_tm4c123.o
       644        620          0          0       1024        772   startup.o
       314         28          0          0          0       2904   uart.o

    ----------------------------------------------------------------------
      3218        960         40         72       1280      24433   Object Totals
         0          0         32          0          0          0   (incl. Generated)
         2          0          2          0          1          0   (incl. Padding)

    ----------------------------------------------------------------------

      Code (inc. data)   RO Data    RW Data    ZI Data      Debug   Library Member Name

         0          0          0          0          0          0   entry.o
         0          0          0          0          0          0   entry10a.o
         0          0          0          0          0          0   entry11a.o
         8          4          0          0          0          0   entry2.o
         4          0          0          0          0          0   entry5.o
         0          0          0          0          0          0   entry7b.o
         0          0          0          0          0          0   entry8b.o
         8          4          0          0          0          0   entry9a.o
        30          0          0          0          0          0   handlers.o
        36          8          0          0          0         68   init.o
        26          0          0          0          0         80   memcmp.o

    ----------------------------------------------------------------------
       114         16          0          0          0        148   Library Totals
         2          0          0          0          0          0   (incl. Padding)

    ----------------------------------------------------------------------

      Code (inc. data)   RO Data    RW Data    ZI Data      Debug   Library Name

       112         16          0          0          0        148   mc_w.l

    ----------------------------------------------------------------------
       114         16          0          0          0        148   Library Totals

    ----------------------------------------------------------------------

==============================================================================


      Code (inc. data)   RO Data    RW Data    ZI Data      Debug   

      3332        976         40         72       1280      22581   Grand Totals
      3332        976         40         72       1280      22581   ELF Image Totals
      3332        976         40         72          0          0   ROM Totals

==============================================================================

    Total RO  Size (Code + RO Data)                 3372 (   3.29kB)
    Total RW  Size (RW Data + ZI Data)              1352 (   1.32kB)
    Total ROM Size (Code + RO Data + RW Data)       3444 (   3.36kB)

==============================================================================

